// Jest Snapshot v1, https://goo.gl/fbAQLP

exports[`MovieCard Component Renders correctly component 1`] = `
<div
  className="col-3 col-md-3 col-lg-2 width"
>
  <div
    className="card bg-dark text-white cardStyled"
  >
    <img
      alt="movie"
      className="card-img"
      src="https://image.tmdb.org/t/p/w500/path"
    />
    <div
      className="card-img-overlay d-flex align-items-end overlay"
    />
  </div>
</div>
`;
